******************************************************************************
                  TI ARM Linker PC v20.2.7                     
******************************************************************************
>> Linked Sat Sep 21 04:03:34 2024

OUTPUT FILE NAME:   <TimePass.out>
ENTRY POINT SYMBOL: "_c_int00_noargs"  address: 00000661


MEMORY CONFIGURATION

         name            origin    length      used     unused   attr    fill
----------------------  --------  ---------  --------  --------  ----  --------
  FLASH                 00000000   00040000  000006da  0003f926  R  X
  SRAM                  20000000   00008000  00000210  00007df0  RW X


SEGMENT ALLOCATION MAP

run origin  load origin   length   init length attrs members
----------  ----------- ---------- ----------- ----- -------
00000000    00000000    000006dc   000006dc    r-x
  00000000    00000000    0000026c   0000026c    r-- .intvecs
  0000026c    0000026c    0000044a   0000044a    r-x .text
  000006b8    000006b8    00000024   00000024    r-- .cinit
20000000    20000000    00000210   00000000    rw-
  20000000    20000000    00000200   00000000    rw- .stack
  20000200    20000200    00000010   00000000    rw- .data


SECTION ALLOCATION MAP

 output                                  attributes/
section   page    origin      length       input sections
--------  ----  ----------  ----------   ----------------
.intvecs   0    00000000    0000026c     
                  00000000    0000026c     tm4c123gh6pm_startup_ccs.obj (.intvecs)

.text      0    0000026c    0000044a     
                  0000026c    000002ac     main.obj (.text)
                  00000518    0000009c     rtsv7M4_T_le_v4SPD16_eabi.lib : memcpy_t2.asm.obj (.text)
                  000005b4    00000068                                   : copy_decompress_lzss.c.obj (.text:decompress:lzss:__TI_decompress_lzss)
                  0000061c    00000044                                   : autoinit.c.obj (.text:__TI_auto_init_nobinit_nopinit:__TI_auto_init_nobinit_nopinit)
                  00000660    00000034                                   : boot_cortex_m.c.obj (.text:_c_int00_noargs:_c_int00_noargs)
                  00000694    0000000e                                   : copy_decompress_none.c.obj (.text:decompress:none:__TI_decompress_none)
                  000006a2    0000000c     tm4c123gh6pm_startup_ccs.obj (.text)
                  000006ae    00000004     rtsv7M4_T_le_v4SPD16_eabi.lib : pre_init.c.obj (.text:_system_pre_init)
                  000006b2    00000004                                   : exit.c.obj (.text:abort:abort)

.cinit     0    000006b8    00000024     
                  000006b8    00000012     (.cinit..data.load) [load image, compression = lzss]
                  000006ca    00000002     --HOLE-- [fill = 0]
                  000006cc    00000008     (__TI_handler_table)
                  000006d4    00000008     (__TI_cinit_table)

.init_array 
*          0    00000000    00000000     UNINITIALIZED

.data      0    20000200    00000010     UNINITIALIZED
                  20000200    00000010     main.obj (.data)

.stack     0    20000000    00000200     UNINITIALIZED
                  20000000    00000004     rtsv7M4_T_le_v4SPD16_eabi.lib : boot_cortex_m.c.obj (.stack)
                  20000004    000001fc     --HOLE--

__llvm_prf_cnts 
*          0    20000000    00000000     UNINITIALIZED

MODULE SUMMARY

       Module                         code   ro data   rw data
       ------                         ----   -------   -------
    .\
       main.obj                       684    0         16     
       tm4c123gh6pm_startup_ccs.obj   12     620       0      
    +--+------------------------------+------+---------+---------+
       Total:                         696    620       16     
                                                              
    C:\ti\ccs1271\ccs\tools\compiler\ti-cgt-arm_20.2.7.LTS\lib\rtsv7M4_T_le_v4SPD16_eabi.lib
       memcpy_t2.asm.obj              156    0         0      
       copy_decompress_lzss.c.obj     104    0         0      
       autoinit.c.obj                 68     0         0      
       boot_cortex_m.c.obj            52     0         0      
       copy_decompress_none.c.obj     14     0         0      
       exit.c.obj                     4      0         0      
       pre_init.c.obj                 4      0         0      
    +--+------------------------------+------+---------+---------+
       Total:                         402    0         0      
                                                              
       Stack:                         0      0         512    
       Linker Generated:              0      34        0      
    +--+------------------------------+------+---------+---------+
       Grand Total:                   1098   654       528    


LINKER GENERATED COPY TABLES

__TI_cinit_table @ 000006d4 records: 1, size/record: 8, table size: 8
	.data: load addr=000006b8, load size=00000012 bytes, run addr=20000200, run size=00000010 bytes, compression=lzss


LINKER GENERATED HANDLER TABLE

__TI_handler_table @ 000006cc records: 2, size/record: 4, table size: 8
	index: 0, handler: __TI_decompress_lzss
	index: 1, handler: __TI_decompress_none


GLOBAL SYMBOLS: SORTED ALPHABETICALLY BY Name 

address   name                          
-------   ----                          
000006b3  C$$EXIT                       
0000039f  Delay                         
00000369  GPIOPortFHandler              
0000026d  PortF_INIT                    
000006a3  ResetISR                      
20000200  __STACK_END                   
00000200  __STACK_SIZE                  
20000200  __STACK_TOP                   
000006d4  __TI_CINIT_Base               
000006dc  __TI_CINIT_Limit              
000006cc  __TI_Handler_Table_Base       
000006d4  __TI_Handler_Table_Limit      
0000061d  __TI_auto_init_nobinit_nopinit
000005b5  __TI_decompress_lzss          
00000695  __TI_decompress_none          
ffffffff  __TI_pprof_out_hndl           
ffffffff  __TI_prof_data_size           
ffffffff  __TI_prof_data_start          
00000000  __TI_static_base__            
00000519  __aeabi_memcpy                
00000519  __aeabi_memcpy4               
00000519  __aeabi_memcpy8               
ffffffff  __binit__                     
ffffffff  __c_args__                    
UNDEFED   __mpu_init                    
20000000  __stack                       
20000000  __start___llvm_prf_cnts       
20000000  __stop___llvm_prf_cnts        
00000661  _c_int00_noargs               
UNDEFED   _system_post_cinit            
000006af  _system_pre_init              
000006b3  abort                         
ffffffff  binit                         
20000209  button1                       
2000020a  button2                       
20000208  buttonpressed                 
20000204  delaycounter                  
20000200  dutycycle                     
2000020c  freq                          
00000000  g_pfnVectors                  
000003d5  main                          
00000519  memcpy                        


GLOBAL SYMBOLS: SORTED BY Symbol Address 

address   name                          
-------   ----                          
00000000  __TI_static_base__            
00000000  g_pfnVectors                  
00000200  __STACK_SIZE                  
0000026d  PortF_INIT                    
00000369  GPIOPortFHandler              
0000039f  Delay                         
000003d5  main                          
00000519  __aeabi_memcpy                
00000519  __aeabi_memcpy4               
00000519  __aeabi_memcpy8               
00000519  memcpy                        
000005b5  __TI_decompress_lzss          
0000061d  __TI_auto_init_nobinit_nopinit
00000661  _c_int00_noargs               
00000695  __TI_decompress_none          
000006a3  ResetISR                      
000006af  _system_pre_init              
000006b3  C$$EXIT                       
000006b3  abort                         
000006cc  __TI_Handler_Table_Base       
000006d4  __TI_CINIT_Base               
000006d4  __TI_Handler_Table_Limit      
000006dc  __TI_CINIT_Limit              
20000000  __stack                       
20000000  __start___llvm_prf_cnts       
20000000  __stop___llvm_prf_cnts        
20000200  __STACK_END                   
20000200  __STACK_TOP                   
20000200  dutycycle                     
20000204  delaycounter                  
20000208  buttonpressed                 
20000209  button1                       
2000020a  button2                       
2000020c  freq                          
ffffffff  __TI_pprof_out_hndl           
ffffffff  __TI_prof_data_size           
ffffffff  __TI_prof_data_start          
ffffffff  __binit__                     
ffffffff  __c_args__                    
ffffffff  binit                         
UNDEFED   __mpu_init                    
UNDEFED   _system_post_cinit            

[42 symbols]
